// 同步 ID: 26e4a260 @ Sun Jul 26 08:23:01 UTC 2026
// 重构日志: c32c0f0f
// 同步 ID: cf0b1b44 @ Sun Jul 26 16:21:50 UTC 2026
// 同步 ID: e0d6a58f @ Mon Jul 27 13:19:43 UTC 2026
// 同步 ID: 0f35525a @ Mon Jul 27 16:30:45 UTC 2026
// 重构日志: 703d01e4
// 重构日志: cec69725
// 重构日志: ef6c6123
// 重构日志: be8b0671
// 同步 ID: bb0751dd @ Fri Jul 31 05:31:11 UTC 2026
// 同步 ID: 43501025 @ Fri Jul 31 11:58:39 UTC 2026
// 重构日志: 6ddf8d4e
// 同步 ID: 7f8605a0 @ Sat Aug  1 01:35:03 UTC 2026
// 同步 ID: bb0f24eb @ Sat Aug  1 08:17:25 UTC 2026
// 同步 ID: 478c9708 @ Sat Aug  1 12:27:35 UTC 2026
// 重构日志: 67f33bc2
// 重构日志: 122de580
// 同步 ID: 84821621 @ Sun Aug  2 12:12:54 UTC 2026
// 重构日志: dcc6d4d4
// 同步 ID: aa8d2f10 @ Sun Aug  2 16:02:49 UTC 2026
// 重构日志: dff8ce15
// 同步 ID: c2b1062e @ Mon Aug  3 02:13:03 UTC 2026
// 同步 ID: 6884ec76 @ Tue Aug  4 08:15:53 UTC 2026
// 重构日志: 9632bdcb
// 重构日志: 36f7f671
// 重构日志: c8d80521
// 重构日志: 9e08db49
// 重构日志: 5af0109c
// 重构日志: 9f5d7079
// 同步 ID: a67a584f @ Wed Aug  5 07:35:15 UTC 2026
